// Jest Snapshot v1, https://goo.gl/fbAQLP

exports[`<CashOutRequest /> should render correctly and match snapshot 1`] = `
<div
  className="reviewWidget cashOutWidget"
  onKeyPress={[Function]}
  role="button"
  tabIndex={0}
>
  <div
    className="counterDisplay"
  >
    0
  </div>
  <h1>
    Cash Out Requests
  </h1>
</div>
`;
